// Jest Snapshot v1, https://goo.gl/fbAQLP

exports[`Rendering Tests matches snapshot 1`] = `
<View
  style={
    Object {
      "height": "100%",
    }
  }
>
  <View
    style={
      Object {
        "alignSelf": "center",
        "backgroundColor": "#247DCF",
        "borderBottomLeftRadius": 100,
        "borderBottomRightRadius": 100,
        "height": 255,
        "transform": Array [
          Object {
            "scaleX": 4,
          },
        ],
        "width": 200,
      }
    }
  >
    <View
      style={
        Object {
          "transform": Array [
            Object {
              "scaleX": 0.25,
            },
          ],
        }
      }
    >
      <Text
        style={
          Object {
            "alignSelf": "center",
            "color": "white",
            "fontSize": 24,
            "fontWeight": "bold",
            "marginTop": "30%",
          }
        }
      >
         Create Profile 
      </Text>
      <View
        style={
          Object {
            "alignSelf": "center",
            "borderRadius": 50,
            "height": 100,
            "marginTop": "12%",
            "width": 100,
          }
        }
      >
        <View
          style={
            Object {
              "backgroundColor": "white",
              "elevation": 2,
              "height": "100%",
              "overflow": "hidden",
              "position": "relative",
              "width": "100%",
            }
          }
        >
          <View
            style={
              Object {
                "alignItems": "center",
                "backgroundColor": "lightgrey",
                "bottom": 0,
                "height": "25%",
                "justifyContent": "center",
                "opacity": 0.7,
                "position": "absolute",
                "right": 0,
                "width": "100%",
              }
            }
          >
            <View
              accessible={true}
              collapsable={false}
              focusable={true}
              onClick={[Function]}
              onResponderGrant={[Function]}
              onResponderMove={[Function]}
              onResponderRelease={[Function]}
              onResponderTerminate={[Function]}
              onResponderTerminationRequest={[Function]}
              onStartShouldSetResponder={[Function]}
              style={
                Object {
                  "opacity": 1,
                }
              }
            >
              <Text>
                 Upload
                 Image 
              </Text>
            </View>
          </View>
        </View>
      </View>
    </View>
  </View>
  <RCTScrollView
    collapsable={false}
    handlerTag={1}
    handlerType="NativeViewGestureHandler"
    onGestureHandlerEvent={[Function]}
    onGestureHandlerStateChange={[Function]}
    style={
      Object {
        "marginTop": "3%",
        "width": "100%",
      }
    }
    vertical={true}
    waitFor={
      Array [
        Object {
          "current": null,
        },
      ]
    }
  >
    <View>
      <Text
        style={
          Object {
            "fontSize": 16,
            "marginLeft": "10%",
            "marginTop": "5%",
          }
        }
      >
        Step 1: Upload a Profile Picture
      </Text>
      <View
        style={
          Object {
            "marginTop": "1%",
          }
        }
      />
      <Text
        style={
          Object {
            "fontSize": 16,
            "marginLeft": "10%",
            "marginTop": "5%",
          }
        }
      >
        Step 2: First Name
      </Text>
      <View
        style={
          Object {
            "alignItems": "center",
            "backgroundColor": "white",
            "borderRadius": 5,
            "height": 30,
            "marginLeft": "10%",
            "marginTop": "1%",
            "width": "80%",
          }
        }
      >
        <TextInput
          onChangeText={[Function]}
          placeholder="Enter your first name"
          style={
            Object {
              "height": "100%",
              "width": "90%",
            }
          }
          value={null}
        />
      </View>
      <Text
        style={
          Object {
            "fontSize": 16,
            "marginLeft": "10%",
            "marginTop": "5%",
          }
        }
      >
        Step 3: Last Name
      </Text>
      <View
        style={
          Object {
            "alignItems": "center",
            "backgroundColor": "white",
            "borderRadius": 5,
            "height": 30,
            "marginLeft": "10%",
            "marginTop": "1%",
            "width": "80%",
          }
        }
      >
        <TextInput
          onChangeText={[Function]}
          placeholder="Enter your second name"
          style={
            Object {
              "height": "100%",
              "width": "90%",
            }
          }
          value={null}
        />
      </View>
      <Text
        style={
          Object {
            "fontSize": 16,
            "marginLeft": "10%",
            "marginTop": "5%",
          }
        }
      >
        Step 4: Your Age
      </Text>
      <View
        style={
          Object {
            "alignItems": "center",
            "backgroundColor": "white",
            "borderRadius": 5,
            "height": 30,
            "marginLeft": "10%",
            "marginTop": "1%",
            "width": "80%",
          }
        }
      >
        <TextInput
          keyboardType="numeric"
          onChangeText={[Function]}
          placeholder="Enter your age"
          style={
            Object {
              "height": "100%",
              "width": "90%",
            }
          }
          value={null}
        />
      </View>
      <Text
        style={
          Object {
            "fontSize": 16,
            "marginLeft": "10%",
            "marginTop": "5%",
          }
        }
      >
        Step 5: Your Bio
      </Text>
      <View
        style={
          Object {
            "alignItems": "center",
            "backgroundColor": "white",
            "borderRadius": 5,
            "height": 80,
            "marginLeft": "10%",
            "marginTop": "1%",
            "width": "80%",
          }
        }
      >
        <TextInput
          multiline={true}
          onChangeText={[Function]}
          placeholder="Write a short bio about yourself"
          style={
            Object {
              "height": "100%",
              "width": "90%",
            }
          }
          value={null}
        />
      </View>
      <Text
        style={
          Object {
            "fontSize": 16,
            "marginLeft": "10%",
            "marginTop": "5%",
          }
        }
      >
        Step 6: Your Major
      </Text>
      <View
        style={
          Object {
            "alignItems": "center",
            "backgroundColor": "white",
            "borderRadius": 5,
            "height": 30,
            "marginLeft": "10%",
            "marginTop": "1%",
            "width": "80%",
          }
        }
      >
        <TextInput
          onChangeText={[Function]}
          placeholder="Enter your major"
          style={
            Object {
              "height": "100%",
              "width": "90%",
            }
          }
          value={null}
        />
      </View>
      <Text
        style={
          Object {
            "fontSize": 16,
            "marginLeft": "10%",
            "marginTop": "5%",
          }
        }
      >
        Step 7: Your Hobbies
      </Text>
      <View
        style={
          Object {
            "alignItems": "center",
            "backgroundColor": "white",
            "borderRadius": 5,
            "height": 80,
            "marginLeft": "10%",
            "marginTop": "1%",
            "width": "80%",
          }
        }
      >
        <TextInput
          multiline={true}
          onChangeText={[Function]}
          placeholder="Enter your interests"
          style={
            Object {
              "height": "100%",
              "width": "90%",
            }
          }
          value={null}
        />
      </View>
      <Text
        style={
          Object {
            "fontSize": 16,
            "marginLeft": "10%",
            "marginTop": "5%",
          }
        }
      >
        Step 8: Your Photos
      </Text>
      <RCTScrollView
        collapsable={false}
        handlerTag={2}
        handlerType="NativeViewGestureHandler"
        horizontal={true}
        onGestureHandlerEvent={[Function]}
        onGestureHandlerStateChange={[Function]}
        style={
          Object {
            "marginLeft": "10%",
            "marginTop": "1%",
            "paddingHorizontal": 2,
            "width": "80%",
          }
        }
        waitFor={
          Array [
            Object {
              "current": null,
            },
          ]
        }
      >
        <View>
          <View
            style={
              Object {
                "height": 100,
                "paddingRight": 5,
                "width": 100,
              }
            }
          >
            <View
              style={
                Object {
                  "backgroundColor": "white",
                  "elevation": 2,
                  "height": "100%",
                  "overflow": "hidden",
                  "position": "relative",
                  "width": "100%",
                }
              }
            >
              <View
                style={
                  Object {
                    "alignItems": "center",
                    "backgroundColor": "lightgrey",
                    "bottom": 0,
                    "height": "25%",
                    "justifyContent": "center",
                    "opacity": 0.7,
                    "position": "absolute",
                    "right": 0,
                    "width": "100%",
                  }
                }
              >
                <View
                  accessible={true}
                  collapsable={false}
                  focusable={true}
                  onClick={[Function]}
                  onResponderGrant={[Function]}
                  onResponderMove={[Function]}
                  onResponderRelease={[Function]}
                  onResponderTerminate={[Function]}
                  onResponderTerminationRequest={[Function]}
                  onStartShouldSetResponder={[Function]}
                  style={
                    Object {
                      "opacity": 1,
                    }
                  }
                >
                  <Text>
                     Upload
                     Image 
                  </Text>
                </View>
              </View>
            </View>
          </View>
          <View
            style={
              Object {
                "height": 100,
                "paddingRight": 5,
                "width": 100,
              }
            }
          >
            <View
              style={
                Object {
                  "backgroundColor": "white",
                  "elevation": 2,
                  "height": "100%",
                  "overflow": "hidden",
                  "position": "relative",
                  "width": "100%",
                }
              }
            >
              <View
                style={
                  Object {
                    "alignItems": "center",
                    "backgroundColor": "lightgrey",
                    "bottom": 0,
                    "height": "25%",
                    "justifyContent": "center",
                    "opacity": 0.7,
                    "position": "absolute",
                    "right": 0,
                    "width": "100%",
                  }
                }
              >
                <View
                  accessible={true}
                  collapsable={false}
                  focusable={true}
                  onClick={[Function]}
                  onResponderGrant={[Function]}
                  onResponderMove={[Function]}
                  onResponderRelease={[Function]}
                  onResponderTerminate={[Function]}
                  onResponderTerminationRequest={[Function]}
                  onStartShouldSetResponder={[Function]}
                  style={
                    Object {
                      "opacity": 1,
                    }
                  }
                >
                  <Text>
                     Upload
                     Image 
                  </Text>
                </View>
              </View>
            </View>
          </View>
          <View
            style={
              Object {
                "height": 100,
                "paddingRight": 5,
                "width": 100,
              }
            }
          >
            <View
              style={
                Object {
                  "backgroundColor": "white",
                  "elevation": 2,
                  "height": "100%",
                  "overflow": "hidden",
                  "position": "relative",
                  "width": "100%",
                }
              }
            >
              <View
                style={
                  Object {
                    "alignItems": "center",
                    "backgroundColor": "lightgrey",
                    "bottom": 0,
                    "height": "25%",
                    "justifyContent": "center",
                    "opacity": 0.7,
                    "position": "absolute",
                    "right": 0,
                    "width": "100%",
                  }
                }
              >
                <View
                  accessible={true}
                  collapsable={false}
                  focusable={true}
                  onClick={[Function]}
                  onResponderGrant={[Function]}
                  onResponderMove={[Function]}
                  onResponderRelease={[Function]}
                  onResponderTerminate={[Function]}
                  onResponderTerminationRequest={[Function]}
                  onStartShouldSetResponder={[Function]}
                  style={
                    Object {
                      "opacity": 1,
                    }
                  }
                >
                  <Text>
                     Upload
                     Image 
                  </Text>
                </View>
              </View>
            </View>
          </View>
          <View
            style={
              Object {
                "height": 100,
                "paddingRight": 5,
                "width": 100,
              }
            }
          >
            <View
              style={
                Object {
                  "backgroundColor": "white",
                  "elevation": 2,
                  "height": "100%",
                  "overflow": "hidden",
                  "position": "relative",
                  "width": "100%",
                }
              }
            >
              <View
                style={
                  Object {
                    "alignItems": "center",
                    "backgroundColor": "lightgrey",
                    "bottom": 0,
                    "height": "25%",
                    "justifyContent": "center",
                    "opacity": 0.7,
                    "position": "absolute",
                    "right": 0,
                    "width": "100%",
                  }
                }
              >
                <View
                  accessible={true}
                  collapsable={false}
                  focusable={true}
                  onClick={[Function]}
                  onResponderGrant={[Function]}
                  onResponderMove={[Function]}
                  onResponderRelease={[Function]}
                  onResponderTerminate={[Function]}
                  onResponderTerminationRequest={[Function]}
                  onStartShouldSetResponder={[Function]}
                  style={
                    Object {
                      "opacity": 1,
                    }
                  }
                >
                  <Text>
                     Upload
                     Image 
                  </Text>
                </View>
              </View>
            </View>
          </View>
        </View>
      </RCTScrollView>
      <Text
        style={
          Object {
            "fontSize": 16,
            "marginLeft": "10%",
            "marginTop": "5%",
          }
        }
      >
        Step 9: Already Have A Leasing?
      </Text>
      <RCTSwitch
        accessibilityRole="switch"
        onChange={[Function]}
        onResponderTerminationRequest={[Function]}
        onStartShouldSetResponder={[Function]}
        style={
          Array [
            Object {
              "height": 31,
              "width": 51,
            },
            Object {
              "marginLeft": "10%",
              "marginTop": "1%",
            },
          ]
        }
        value={false}
      />
      <View
        style={
          Object {
            "alignItems": "center",
            "height": 160,
          }
        }
      >
        <View
          accessibilityState={
            Object {
              "disabled": true,
            }
          }
          accessible={true}
          collapsable={false}
          focusable={true}
          onClick={[Function]}
          onResponderGrant={[Function]}
          onResponderMove={[Function]}
          onResponderRelease={[Function]}
          onResponderTerminate={[Function]}
          onResponderTerminationRequest={[Function]}
          onStartShouldSetResponder={[Function]}
          style={
            Object {
              "alignItems": "center",
              "backgroundColor": "white",
              "borderRadius": 20,
              "height": 40,
              "justifyContent": "center",
              "marginTop": "10%",
              "opacity": 1,
              "shadowColor": "#000",
              "shadowOffset": Object {
                "height": 1,
                "width": 0,
              },
              "shadowOpacity": 0.2,
              "width": "60%",
            }
          }
        >
          <Text
            style={
              Object {
                "fontSize": 15,
                "fontWeight": "bold",
              }
            }
          >
            Create Profile
          </Text>
        </View>
      </View>
    </View>
  </RCTScrollView>
</View>
`;
